分类: 📺央视频道, 名称: CCTV-3, 有效: 0, IPv4: 1, IPv6: 0, 最小延迟: 10256 ms, 最高速率: 0.00 M/s, 平均速率: 0.00 M/s, 最高分辨率: None
分类: 📺央视频道, 名称: CCTV-4, 有效: 0, IPv4: 1, IPv6: 0, 最小延迟: 10279 ms, 最高速率: 0.00 M/s, 平均速率: 0.00 M/s, 最高分辨率: None
分类: 📺央视频道, 名称: CCTV-5, 有效: 0, IPv4: 1, IPv6: 0, 最小延迟: 10269 ms, 最高速率: 0.00 M/s, 平均速率: 0.00 M/s, 最高分辨率: None
分类: 📺央视频道, 名称: CCTV-1, 有效: 0, IPv4: 1, IPv6: 0, 最小延迟: 10262 ms, 最高速率: 0.00 M/s, 平均速率: 0.00 M/s, 最高分辨率: None
分类: 📺央视频道, 名称: CCTV-2, 有效: 0, IPv4: 1, IPv6: 0, 最小延迟: 10191 ms, 最高速率: 0.00 M/s, 平均速率: 0.00 M/s, 最高分辨率: None
分类: 📺央视频道, 名称: CCTV-7, 有效: 1, IPv4: 1, IPv6: 0, 最小延迟: 534 ms, 最高速率: 1.61 M/s, 平均速率: 1.61 M/s, 最高分辨率: 1280x720
分类: 📺央视频道, 名称: CCTV-6, 有效: 0, IPv4: 1, IPv6: 0, 最小延迟: 10556 ms, 最高速率: 0.01 M/s, 平均速率: 0.00 M/s, 最高分辨率: None
分类: 📺央视频道, 名称: CCTV-5+, 有效: 0, IPv4: 1, IPv6: 0, 最小延迟: 10056 ms, 最高速率: 0.00 M/s, 平均速率: 0.00 M/s, 最高分辨率: None
分类: 📺央视频道, 名称: CCTV-9, 有效: 0, IPv4: 1, IPv6: 0, 最小延迟: 10099 ms, 最高速率: 0.00 M/s, 平均速率: 0.00 M/s, 最高分辨率: None
分类: 📺央视频道, 名称: CCTV-8, 有效: 0, IPv4: 1, IPv6: 0, 最小延迟: 10013 ms, 最高速率: 0.00 M/s, 平均速率: 0.00 M/s, 最高分辨率: None
分类: 📺央视频道, 名称: CCTV-10, 有效: 0, IPv4: 1, IPv6: 0, 最小延迟: 10888 ms, 最高速率: 0.00 M/s, 平均速率: 0.00 M/s, 最高分辨率: None
分类: 📺央视频道, 名称: CCTV-11, 有效: 0, IPv4: 1, IPv6: 0, 最小延迟: 10152 ms, 最高速率: 0.00 M/s, 平均速率: 0.00 M/s, 最高分辨率: None
分类: 📺央视频道, 名称: CCTV-16, 有效: 1, IPv4: 1, IPv6: 0, 最小延迟: 1237 ms, 最高速率: 1.91 M/s, 平均速率: 1.91 M/s, 最高分辨率: 1920x1080
分类: 📺央视频道, 名称: CCTV-12, 有效: 0, IPv4: 1, IPv6: 0, 最小延迟: 10163 ms, 最高速率: 0.00 M/s, 平均速率: 0.00 M/s, 最高分辨率: None
分类: 📺央视频道, 名称: CCTV-13, 有效: 0, IPv4: 1, IPv6: 0, 最小延迟: 10891 ms, 最高速率: 0.00 M/s, 平均速率: 0.00 M/s, 最高分辨率: None
分类: 📺央视频道, 名称: CCTV-14, 有效: 0, IPv4: 1, IPv6: 0, 最小延迟: 10798 ms, 最高速率: 0.00 M/s, 平均速率: 0.00 M/s, 最高分辨率: None
分类: 📡卫视频道, 名称: 广东卫视, 有效: 1, IPv4: 1, IPv6: 0, 最小延迟: 560 ms, 最高速率: 1.60 M/s, 平均速率: 1.60 M/s, 最高分辨率: 1280x720
分类: 📡卫视频道, 名称: 湖南卫视, 有效: 1, IPv4: 1, IPv6: 0, 最小延迟: 556 ms, 最高速率: 1.59 M/s, 平均速率: 1.59 M/s, 最高分辨率: 1280x720
分类: 📺央视频道, 名称: CCTV-15, 有效: 0, IPv4: 1, IPv6: 0, 最小延迟: 10146 ms, 最高速率: 0.00 M/s, 平均速率: 0.00 M/s, 最高分辨率: None
分类: 📡卫视频道, 名称: 湖北卫视, 有效: 1, IPv4: 1, IPv6: 0, 最小延迟: 563 ms, 最高速率: 1.59 M/s, 平均速率: 1.59 M/s, 最高分辨率: 1280x720
分类: 📺央视频道, 名称: CCTV-17, 有效: 0, IPv4: 1, IPv6: 0, 最小延迟: 10746 ms, 最高速率: 0.00 M/s, 平均速率: 0.00 M/s, 最高分辨率: None
分类: 📡卫视频道, 名称: 重庆卫视, 有效: 1, IPv4: 1, IPv6: 0, 最小延迟: 535 ms, 最高速率: 1.61 M/s, 平均速率: 1.61 M/s, 最高分辨率: 1280x720
分类: 📡卫视频道, 名称: 浙江卫视, 有效: 0, IPv4: 1, IPv6: 0, 最小延迟: 10420 ms, 最高速率: 0.00 M/s, 平均速率: 0.00 M/s, 最高分辨率: None
分类: 📡卫视频道, 名称: 北京卫视, 有效: 0, IPv4: 1, IPv6: 0, 最小延迟: 10763 ms, 最高速率: 0.00 M/s, 平均速率: 0.00 M/s, 最高分辨率: None
分类: 📡卫视频道, 名称: 黑龙江卫视, 有效: 0, IPv4: 1, IPv6: 0, 最小延迟: 10666 ms, 最高速率: 0.00 M/s, 平均速率: 0.00 M/s, 最高分辨率: None
分类: 📡卫视频道, 名称: 安徽卫视, 有效: 0, IPv4: 1, IPv6: 0, 最小延迟: 10634 ms, 最高速率: 0.00 M/s, 平均速率: 0.00 M/s, 最高分辨率: None
分类: 📡卫视频道, 名称: 广西卫视, 有效: 1, IPv4: 1, IPv6: 0, 最小延迟: 535 ms, 最高速率: 1.61 M/s, 平均速率: 1.61 M/s, 最高分辨率: 1280x720
分类: 📡卫视频道, 名称: 贵州卫视, 有效: 1, IPv4: 1, IPv6: 0, 最小延迟: 555 ms, 最高速率: 1.60 M/s, 平均速率: 1.60 M/s, 最高分辨率: 1280x720
分类: 📡卫视频道, 名称: 东方卫视, 有效: 0, IPv4: 1, IPv6: 0, 最小延迟: 10870 ms, 最高速率: 0.00 M/s, 平均速率: 0.00 M/s, 最高分辨率: None
分类: 📡卫视频道, 名称: 东南卫视, 有效: 0, IPv4: 1, IPv6: 0, 最小延迟: 10070 ms, 最高速率: 0.00 M/s, 平均速率: 0.00 M/s, 最高分辨率: None
分类: 📡卫视频道, 名称: 甘肃卫视, 有效: 0, IPv4: 1, IPv6: 0, 最小延迟: 10093 ms, 最高速率: 0.00 M/s, 平均速率: 0.00 M/s, 最高分辨率: None
分类: 📡卫视频道, 名称: 海南卫视, 有效: 0, IPv4: 1, IPv6: 0, 最小延迟: 10816 ms, 最高速率: 0.00 M/s, 平均速率: 0.00 M/s, 最高分辨率: None
分类: 📡卫视频道, 名称: 河北卫视, 有效: 0, IPv4: 1, IPv6: 0, 最小延迟: 10842 ms, 最高速率: 0.00 M/s, 平均速率: 0.00 M/s, 最高分辨率: None
分类: 📡卫视频道, 名称: 河南卫视, 有效: 0, IPv4: 1, IPv6: 0, 最小延迟: 10831 ms, 最高速率: 0.00 M/s, 平均速率: 0.00 M/s, 最高分辨率: None
分类: 📡卫视频道, 名称: 吉林卫视, 有效: 0, IPv4: 1, IPv6: 0, 最小延迟: 10157 ms, 最高速率: 0.00 M/s, 平均速率: 0.00 M/s, 最高分辨率: None
分类: 📡卫视频道, 名称: 江苏卫视, 有效: 0, IPv4: 1, IPv6: 0, 最小延迟: 10879 ms, 最高速率: 0.00 M/s, 平均速率: 0.00 M/s, 最高分辨率: None
分类: 📡卫视频道, 名称: 江西卫视, 有效: 0, IPv4: 1, IPv6: 0, 最小延迟: 10209 ms, 最高速率: 0.00 M/s, 平均速率: 0.00 M/s, 最高分辨率: None
分类: 📡卫视频道, 名称: 辽宁卫视, 有效: 0, IPv4: 1, IPv6: 0, 最小延迟: 10178 ms, 最高速率: 0.00 M/s, 平均速率: 0.00 M/s, 最高分辨率: None
分类: 📡卫视频道, 名称: 山西卫视, 有效: 0, IPv4: 1, IPv6: 0, 最小延迟: 1944 ms, 最高速率: 0.06 M/s, 平均速率: 0.00 M/s, 最高分辨率: 1920x1080
分类: 📡卫视频道, 名称: 陕西卫视, 有效: 1, IPv4: 1, IPv6: 0, 最小延迟: 531 ms, 最高速率: 1.60 M/s, 平均速率: 1.60 M/s, 最高分辨率: 1280x720
分类: 📡卫视频道, 名称: 内蒙古卫视, 有效: 0, IPv4: 1, IPv6: 0, 最小延迟: 10516 ms, 最高速率: 0.00 M/s, 平均速率: 0.00 M/s, 最高分辨率: None
分类: 📡卫视频道, 名称: 宁夏卫视, 有效: 0, IPv4: 1, IPv6: 0, 最小延迟: 10097 ms, 最高速率: 0.00 M/s, 平均速率: 0.00 M/s, 最高分辨率: None
分类: 📡卫视频道, 名称: 青海卫视, 有效: 0, IPv4: 1, IPv6: 0, 最小延迟: 10099 ms, 最高速率: 0.00 M/s, 平均速率: 0.00 M/s, 最高分辨率: None
分类: 📡卫视频道, 名称: 深圳卫视, 有效: 1, IPv4: 1, IPv6: 0, 最小延迟: 530 ms, 最高速率: 1.61 M/s, 平均速率: 1.61 M/s, 最高分辨率: 1280x720
分类: 📡卫视频道, 名称: 山东卫视, 有效: 0, IPv4: 1, IPv6: 0, 最小延迟: 10789 ms, 最高速率: 0.00 M/s, 平均速率: 0.00 M/s, 最高分辨率: None
分类: 📡卫视频道, 名称: 三沙卫视, 有效: 1, IPv4: 1, IPv6: 0, 最小延迟: 1996 ms, 最高速率: 0.23 M/s, 平均速率: 0.23 M/s, 最高分辨率: 1280x720
分类: 📡卫视频道, 名称: 四川卫视, 有效: 1, IPv4: 2, IPv6: 0, 最小延迟: 10879 ms, 最高速率: 0.58 M/s, 平均速率: 0.58 M/s, 最高分辨率: 1920x1080
分类: 📡卫视频道, 名称: 西藏卫视, 有效: 0, IPv4: 1, IPv6: 0, 最小延迟: 10191 ms, 最高速率: 0.06 M/s, 平均速率: 0.00 M/s, 最高分辨率: 1920x1080
分类: 📡卫视频道, 名称: 天津卫视, 有效: 0, IPv4: 1, IPv6: 0, 最小延迟: 10826 ms, 最高速率: 0.00 M/s, 平均速率: 0.00 M/s, 最高分辨率: None
分类: 📡卫视频道, 名称: 新疆卫视, 有效: 0, IPv4: 1, IPv6: 0, 最小延迟: 10251 ms, 最高速率: 0.00 M/s, 平均速率: 0.00 M/s, 最高分辨率: None
分类: 📡卫视频道, 名称: 云南卫视, 有效: 0, IPv4: 1, IPv6: 0, 最小延迟: 10859 ms, 最高速率: 0.00 M/s, 平均速率: 0.00 M/s, 最高分辨率: None
